
============================================================
startup : 2026-06-09 17:26:05.820089
python  : F:\ui\.venv\Scripts\python.exe
frozen  : False
argv    : ['f:/ui/main.py']
cwd     : F:\ui
meipass : N/A

============================================================
startup : 2026-06-09 17:31:24.051543
python  : F:\ui\.venv\Scripts\python.exe
frozen  : False
argv    : ['f:/ui/main.py']
cwd     : F:\ui
meipass : N/A

============================================================
startup : 2026-06-10 10:12:33.847654
python  : F:\ui\.venv\Scripts\python.exe
frozen  : False
argv    : ['f:/ui/main.py']
cwd     : F:\ui
meipass : N/A

============================================================
startup : 2026-06-10 10:18:55.666821
python  : F:\ui\.venv\Scripts\python.exe
frozen  : False
argv    : ['f:/ui/main.py']
cwd     : F:\ui
meipass : N/A

============================================================
startup : 2026-06-10 10:42:36.475104
python  : F:\ui\.venv\Scripts\python.exe
frozen  : False
argv    : ['f:/ui/main.py']
cwd     : F:\ui
meipass : N/A

============================================================
startup : 2026-06-10 10:48:07.419776
python  : F:\ui\.venv\Scripts\python.exe
frozen  : False
argv    : ['f:/ui/main.py']
cwd     : F:\ui
meipass : N/A

============================================================
startup : 2026-06-10 10:57:37.897134
python  : F:\ui\.venv\Scripts\python.exe
frozen  : False
argv    : ['f:/ui/main.py']
cwd     : F:\ui
meipass : N/A

============================================================
startup : 2026-06-10 11:06:57.942105
python  : F:\ui\.venv\Scripts\python.exe
frozen  : False
argv    : ['f:/ui/main.py']
cwd     : F:\ui
meipass : N/A

============================================================
startup : 2026-06-10 11:09:45.110881
python  : F:\ui\.venv\Scripts\python.exe
frozen  : False
argv    : ['f:/ui/main.py']
cwd     : F:\ui
meipass : N/A

============================================================
startup : 2026-06-10 11:27:59.929664
python  : F:\ui\.venv\Scripts\python.exe
frozen  : False
argv    : ['f:/ui/main.py']
cwd     : F:\ui
meipass : N/A

============================================================
startup : 2026-06-10 11:39:18.448615
python  : F:\ui\.venv\Scripts\python.exe
frozen  : False
argv    : ['f:/ui/main.py']
cwd     : F:\ui
meipass : N/A

============================================================
startup : 2026-06-10 11:44:31.420407
python  : F:\ui\.venv\Scripts\python.exe
frozen  : False
argv    : ['f:/ui/main.py']
cwd     : F:\ui
meipass : N/A

============================================================
startup : 2026-06-10 11:46:49.095471
python  : F:\ui\.venv\Scripts\python.exe
frozen  : False
argv    : ['f:/ui/main.py']
cwd     : F:\ui
meipass : N/A

============================================================
startup : 2026-06-10 13:13:51.499454
python  : F:\ui\.venv\Scripts\python.exe
frozen  : False
argv    : ['f:/ui/main.py']
cwd     : F:\ui
meipass : N/A

============================================================
startup : 2026-06-10 13:24:51.892296
python  : F:\ui\.venv\Scripts\python.exe
frozen  : False
argv    : ['f:/ui/main.py']
cwd     : F:\ui
meipass : N/A

============================================================
startup : 2026-06-10 13:39:15.160586
python  : F:\ui\.venv\Scripts\python.exe
frozen  : False
argv    : ['f:/ui/main.py']
cwd     : F:\ui
meipass : N/A

============================================================
startup : 2026-06-10 14:04:40.521876
python  : F:\ui\.venv\Scripts\python.exe
frozen  : False
argv    : ['f:/ui/main.py']
cwd     : F:\ui
meipass : N/A

============================================================
startup : 2026-06-10 14:18:04.955280
python  : F:\ui\.venv\Scripts\python.exe
frozen  : False
argv    : ['f:/ui/main.py']
cwd     : F:\ui
meipass : N/A

============================================================
startup : 2026-06-10 16:52:30.406063
python  : F:\ui\.venv\Scripts\python.exe
frozen  : False
argv    : ['f:/ui/main.py']
cwd     : F:\ui
meipass : N/A

============================================================
startup : 2026-06-10 17:48:07.105940
python  : F:\ui\.venv\Scripts\python.exe
frozen  : False
argv    : ['f:/ui/main.py']
cwd     : F:\ui
meipass : N/A

============================================================
startup : 2026-06-10 18:02:04.997937
python  : F:\ui\.venv\Scripts\python.exe
frozen  : False
argv    : ['f:/ui/main.py']
cwd     : F:\ui
meipass : N/A

============================================================
startup : 2026-06-10 18:07:33.902684
python  : F:\ui\.venv\Scripts\python.exe
frozen  : False
argv    : ['f:/ui/main.py']
cwd     : F:\ui
meipass : N/A
