........................................................................ [ 34%]
............................
